Archive member included to satisfy reference by file (symbol)

/home/cherry/st/stm32cubeclt_1.22.0/GNU-tools-for-STM32/bin/../lib/gcc/arm-none-eabi/14.3.1/../../../../arm-none-eabi/lib/thumb/v6-m/nofp/libc.a(libc_a-memset.o)
                              src/main.o (memset)

Discarded input sections

 .debug_frame   0x00000000       0x30 /home/cherry/st/stm32cubeclt_1.22.0/GNU-tools-for-STM32/bin/../lib/gcc/arm-none-eabi/14.3.1/../../../../arm-none-eabi/lib/thumb/v6-m/nofp/libc.a(libc_a-memset.o)
 .ARM.attributes
                0x00000000       0x2c /home/cherry/st/stm32cubeclt_1.22.0/GNU-tools-for-STM32/bin/../lib/gcc/arm-none-eabi/14.3.1/../../../../arm-none-eabi/lib/thumb/v6-m/nofp/libc.a(libc_a-memset.o)

Memory Configuration

Name             Origin             Length             Attributes
RAM              0x20000000         0x00002000         xrw
FLASH            0x08000000         0x00010000         xr
*default*        0x00000000         0xffffffff

Linker script and memory map

LOAD src/EXTI_Driver.o
LOAD src/GPIO_Driver.o
LOAD src/main.o
LOAD src/NVIC_Driver.o
LOAD src/RCC_Driver.o
LOAD src/SYSCONFIG_Driver.o
LOAD startup.o
                0x20002000                        _estack = (ORIGIN (RAM) + LENGTH (RAM))
                0x00000200                        _Min_Heap_Size = 0x200
                0x00000400                        _Min_Stack_Size = 0x400

.isr_vector     0x08000000       0xc0
                0x08000000                        . = ALIGN (0x4)
 *(.isr_vector)
 .isr_vector    0x08000000       0xc0 startup.o
                0x08000000                g_pfnVectors
                0x080000c0                        . = ALIGN (0x4)

.text           0x080000c0      0xa98
                0x080000c0                        . = ALIGN (0x4)
 *(.text)
 .text          0x080000c0      0x260 src/EXTI_Driver.o
                0x080000c0                EXTI_EnableInterrupt
                0x08000170                EXTI_EnableMask
                0x08000220                EXTI_EnableSWIER
                0x080002d0                EXTI_CLEAR_Pending
                0x080002f4                EXTI_GetPending
 .text          0x08000320      0x26a src/GPIO_Driver.o
                0x08000320                GPIO_Init
                0x080003f6                GPIO_DeInit
                0x08000464                GPIO_SetPin
                0x08000488                GPIO_ResetPin
                0x080004ae                GPIO_TogglePin
                0x080004d2                GPIO_ReadPin
                0x080004f6                GPIO_WritePort
                0x0800050e                GPIO_ReadPort
                0x08000532                GPIO_Lock
                0x08000544                GPIO_reset
 *fill*         0x0800058a        0x2 
 .text          0x0800058c      0x124 src/main.o
                0x0800058c                SystemInit
                0x08000596                __libc_init_array
                0x080005be                main
 .text          0x080006b0      0x1dc src/NVIC_Driver.o
                0x080006b0                NVIC_EnableIRQ
                0x080006f8                NVIC_DisableIRQ
                0x08000740                NVIC_GetPendingIRQ
                0x08000784                NVIC_SetPendingIRQ
                0x080007cc                NVIC_ClearPendingIRQ
                0x08000814                NVIC_SetPriorityIRQ
                0x08000850                NVIC_GetPriorityIRQ
 .text          0x0800088c      0x144 src/RCC_Driver.o
                0x0800088c                RCC_EnableGPIO
                0x08000928                RCC_DisableGPIO
 .text          0x080009d0       0x8c src/SYSCONFIG_Driver.o
                0x080009d0                SYSCONFIG_SetEXTIConfig
 .text          0x08000a5c       0x14 startup.o
 .text          0x08000a70        0x0 /home/cherry/st/stm32cubeclt_1.22.0/GNU-tools-for-STM32/bin/../lib/gcc/arm-none-eabi/14.3.1/../../../../arm-none-eabi/lib/thumb/v6-m/nofp/libc.a(libc_a-memset.o)
 *(.text*)
 .text.Reset_Handler
                0x08000a70       0x50 startup.o
                0x08000a70                Reset_Handler
 .text.Default_Handler
                0x08000ac0        0x2 startup.o
                0x08000ac0                TIM1_CC_IRQHandler
                0x08000ac0                HardFault_Handler
                0x08000ac0                TIM6_IRQHandler
                0x08000ac0                SysTick_Handler
                0x08000ac0                PVD_IRQHandler
                0x08000ac0                PendSV_Handler
                0x08000ac0                NMI_Handler
                0x08000ac0                I2C1_IRQHandler
                0x08000ac0                SPI1_IRQHandler
                0x08000ac0                EXTI2_3_IRQHandler
                0x08000ac0                I2C2_IRQHandler
                0x08000ac0                TIM17_IRQHandler
                0x08000ac0                RTC_IRQHandler
                0x08000ac0                TIM16_IRQHandler
                0x08000ac0                TIM3_IRQHandler
                0x08000ac0                EXTI4_15_IRQHandler
                0x08000ac0                RCC_IRQHandler
                0x08000ac0                Default_Handler
                0x08000ac0                TIM14_IRQHandler
                0x08000ac0                ADC_IRQHandler
                0x08000ac0                DMA1_CH2_3_IRQHandler
                0x08000ac0                TIM15_IRQHandler
                0x08000ac0                EXTI0_1_IRQHandler
                0x08000ac0                USB_IRQHandler
                0x08000ac0                SPI2_IRQHandler
                0x08000ac0                DMA1_CH1_IRQHandler
                0x08000ac0                SVC_Handler
                0x08000ac0                DMA1_CH4_5_IRQHandler
                0x08000ac0                WWDG_IRQHandler
                0x08000ac0                USART2_IRQHandler
                0x08000ac0                FLASH_IRQHandler
                0x08000ac0                USART1_IRQHandler
                0x08000ac0                TIM1_BRK_UP_TRG_COM_IRQHandler
                0x08000ac0                USART3_4_5_6_IRQHandler
 *fill*         0x08000ac2        0x2 
 .text.memset   0x08000ac4       0x94 /home/cherry/st/stm32cubeclt_1.22.0/GNU-tools-for-STM32/bin/../lib/gcc/arm-none-eabi/14.3.1/../../../../arm-none-eabi/lib/thumb/v6-m/nofp/libc.a(libc_a-memset.o)
                0x08000ac4                memset
 *(.glue_7)
 .glue_7        0x08000b58        0x0 linker stubs
 *(.glue_7t)
 .glue_7t       0x08000b58        0x0 linker stubs
 *(.eh_frame)
 *(.init)
 *(.fini)
                0x08000b58                        . = ALIGN (0x4)
                0x08000b58                        _etext = .

.vfp11_veneer   0x08000b58        0x0
 .vfp11_veneer  0x08000b58        0x0 linker stubs

.v4_bx          0x08000b58        0x0
 .v4_bx         0x08000b58        0x0 linker stubs

.iplt           0x08000b58        0x0
 .iplt          0x08000b58        0x0 src/main.o

.rel.dyn        0x08000b58        0x0
 .rel.iplt      0x08000b58        0x0 src/main.o

.rodata         0x08000b58        0x0
                0x08000b58                        . = ALIGN (0x4)
 *(.rodata)
 *(.rodata*)
                0x08000b58                        . = ALIGN (0x4)

.ARM.extab      0x08000b58        0x0
                0x08000b58                        . = ALIGN (0x4)
 *(.ARM.extab* .gnu.linkonce.armextab.*)
                0x08000b58                        . = ALIGN (0x4)

.ARM            0x08000b58        0x0
                0x08000b58                        . = ALIGN (0x4)
                0x08000b58                        __exidx_start = .
 *(.ARM.exidx*)
                0x08000b58                        __exidx_end = .
                0x08000b58                        . = ALIGN (0x4)

.preinit_array  0x08000b58        0x0
                0x08000b58                        . = ALIGN (0x4)
                [!provide]                        PROVIDE (__preinit_array_start = .)
 *(.preinit_array*)
                [!provide]                        PROVIDE (__preinit_array_end = .)
                0x08000b58                        . = ALIGN (0x4)

.init_array     0x08000b58        0x0
                0x08000b58                        . = ALIGN (0x4)
                [!provide]                        PROVIDE (__init_array_start = .)
 *(SORT_BY_NAME(.init_array.*))
 *(.init_array*)
                [!provide]                        PROVIDE (__init_array_end = .)
                0x08000b58                        . = ALIGN (0x4)

.fini_array     0x08000b58        0x0
                0x08000b58                        . = ALIGN (0x4)
                [!provide]                        PROVIDE (__fini_array_start = .)
 *(SORT_BY_NAME(.fini_array.*))
 *(.fini_array*)
                [!provide]                        PROVIDE (__fini_array_end = .)
                0x08000b58                        . = ALIGN (0x4)
                0x08000b58                        _sidata = LOADADDR (.data)

.data           0x20000000        0x0 load address 0x08000b58
                0x20000000                        . = ALIGN (0x4)
                0x20000000                        _sdata = .
 *(.data)
 .data          0x20000000        0x0 src/EXTI_Driver.o
 .data          0x20000000        0x0 src/GPIO_Driver.o
 .data          0x20000000        0x0 src/main.o
 .data          0x20000000        0x0 src/NVIC_Driver.o
 .data          0x20000000        0x0 src/RCC_Driver.o
 .data          0x20000000        0x0 src/SYSCONFIG_Driver.o
 .data          0x20000000        0x0 startup.o
 .data          0x20000000        0x0 /home/cherry/st/stm32cubeclt_1.22.0/GNU-tools-for-STM32/bin/../lib/gcc/arm-none-eabi/14.3.1/../../../../arm-none-eabi/lib/thumb/v6-m/nofp/libc.a(libc_a-memset.o)
 *(.data*)
 *(.RamFunc)
 *(.RamFunc*)
                0x20000000                        . = ALIGN (0x4)
                0x20000000                        _edata = .

.igot.plt       0x20000000        0x0 load address 0x08000b58
 .igot.plt      0x20000000        0x0 src/main.o
                0x20000000                        . = ALIGN (0x4)

.bss            0x20000000        0x0 load address 0x08000b58
                0x20000000                        _sbss = .
                0x20000000                        __bss_start__ = _sbss
 *(.bss)
 .bss           0x20000000        0x0 src/EXTI_Driver.o
 .bss           0x20000000        0x0 src/GPIO_Driver.o
 .bss           0x20000000        0x0 src/main.o
 .bss           0x20000000        0x0 src/NVIC_Driver.o
 .bss           0x20000000        0x0 src/RCC_Driver.o
 .bss           0x20000000        0x0 src/SYSCONFIG_Driver.o
 .bss           0x20000000        0x0 startup.o
 .bss           0x20000000        0x0 /home/cherry/st/stm32cubeclt_1.22.0/GNU-tools-for-STM32/bin/../lib/gcc/arm-none-eabi/14.3.1/../../../../arm-none-eabi/lib/thumb/v6-m/nofp/libc.a(libc_a-memset.o)
 *(.bss*)
 *(COMMON)
                0x20000000                        . = ALIGN (0x4)
                0x20000000                        _ebss = .
                0x20000000                        __bss_end__ = _ebss

._user_heap_stack
                0x20000000      0x600 load address 0x08000b58
                0x20000000                        . = ALIGN (0x8)
                [!provide]                        PROVIDE (end = .)
                [!provide]                        PROVIDE (_end = .)
                0x20000200                        . = (. + _Min_Heap_Size)
 *fill*         0x20000000      0x200 
                0x20000600                        . = (. + _Min_Stack_Size)
 *fill*         0x20000200      0x400 
                0x20000600                        . = ALIGN (0x8)

/DISCARD/
 libc.a(*)
 libm.a(*)
 libgcc.a(*)

.ARM.attributes
                0x00000000       0x2a
 *(.ARM.attributes)
 .ARM.attributes
                0x00000000       0x2c src/EXTI_Driver.o
 .ARM.attributes
                0x0000002c       0x2c src/GPIO_Driver.o
 .ARM.attributes
                0x00000058       0x2c src/main.o
 .ARM.attributes
                0x00000084       0x2c src/NVIC_Driver.o
 .ARM.attributes
                0x000000b0       0x2c src/RCC_Driver.o
 .ARM.attributes
                0x000000dc       0x2c src/SYSCONFIG_Driver.o
 .ARM.attributes
                0x00000108       0x21 startup.o
OUTPUT(firmware.elf elf32-littlearm)
LOAD linker stubs
LOAD /home/cherry/st/stm32cubeclt_1.22.0/GNU-tools-for-STM32/bin/../lib/gcc/arm-none-eabi/14.3.1/../../../../arm-none-eabi/lib/thumb/v6-m/nofp/libc.a
LOAD /home/cherry/st/stm32cubeclt_1.22.0/GNU-tools-for-STM32/bin/../lib/gcc/arm-none-eabi/14.3.1/../../../../arm-none-eabi/lib/thumb/v6-m/nofp/libm.a
LOAD /home/cherry/st/stm32cubeclt_1.22.0/GNU-tools-for-STM32/bin/../lib/gcc/arm-none-eabi/14.3.1/thumb/v6-m/nofp/libgcc.a

.debug_info     0x00000000      0xed4
 .debug_info    0x00000000      0x1f8 src/EXTI_Driver.o
 .debug_info    0x000001f8      0x455 src/GPIO_Driver.o
 .debug_info    0x0000064d      0x39c src/main.o
 .debug_info    0x000009e9      0x19a src/NVIC_Driver.o
 .debug_info    0x00000b83      0x1f9 src/RCC_Driver.o
 .debug_info    0x00000d7c      0x128 src/SYSCONFIG_Driver.o
 .debug_info    0x00000ea4       0x30 startup.o

.debug_abbrev   0x00000000      0x59e
 .debug_abbrev  0x00000000       0xe3 src/EXTI_Driver.o
 .debug_abbrev  0x000000e3      0x13a src/GPIO_Driver.o
 .debug_abbrev  0x0000021d      0x143 src/main.o
 .debug_abbrev  0x00000360       0xa1 src/NVIC_Driver.o
 .debug_abbrev  0x00000401       0xc6 src/RCC_Driver.o
 .debug_abbrev  0x000004c7       0xb3 src/SYSCONFIG_Driver.o
 .debug_abbrev  0x0000057a       0x24 startup.o

.debug_aranges  0x00000000       0xe8
 .debug_aranges
                0x00000000       0x20 src/EXTI_Driver.o
 .debug_aranges
                0x00000020       0x20 src/GPIO_Driver.o
 .debug_aranges
                0x00000040       0x20 src/main.o
 .debug_aranges
                0x00000060       0x20 src/NVIC_Driver.o
 .debug_aranges
                0x00000080       0x20 src/RCC_Driver.o
 .debug_aranges
                0x000000a0       0x20 src/SYSCONFIG_Driver.o
 .debug_aranges
                0x000000c0       0x28 startup.o

.debug_line     0x00000000      0x9a7
 .debug_line    0x00000000      0x255 src/EXTI_Driver.o
 .debug_line    0x00000255      0x1e8 src/GPIO_Driver.o
 .debug_line    0x0000043d      0x167 src/main.o
 .debug_line    0x000005a4      0x144 src/NVIC_Driver.o
 .debug_line    0x000006e8      0x14f src/RCC_Driver.o
 .debug_line    0x00000837       0xf9 src/SYSCONFIG_Driver.o
 .debug_line    0x00000930       0x77 startup.o

.debug_str      0x00000000      0x64d
 .debug_str     0x00000000      0x64d src/EXTI_Driver.o
                                0x239 (size before relaxing)
 .debug_str     0x0000064d      0x34d src/GPIO_Driver.o
 .debug_str     0x0000064d      0x3c2 src/main.o
 .debug_str     0x0000064d      0x1bb src/NVIC_Driver.o
 .debug_str     0x0000064d      0x1d5 src/RCC_Driver.o
 .debug_str     0x0000064d      0x195 src/SYSCONFIG_Driver.o
 .debug_str     0x0000064d       0x43 startup.o

.comment        0x00000000       0x43
 .comment       0x00000000       0x43 src/EXTI_Driver.o
                                 0x44 (size before relaxing)
 .comment       0x00000043       0x44 src/GPIO_Driver.o
 .comment       0x00000043       0x44 src/main.o
 .comment       0x00000043       0x44 src/NVIC_Driver.o
 .comment       0x00000043       0x44 src/RCC_Driver.o
 .comment       0x00000043       0x44 src/SYSCONFIG_Driver.o

.debug_frame    0x00000000      0x3fc
 .debug_frame   0x00000000       0xb0 src/EXTI_Driver.o
 .debug_frame   0x000000b0      0x150 src/GPIO_Driver.o
 .debug_frame   0x00000200       0x88 src/main.o
 .debug_frame   0x00000288       0xf0 src/NVIC_Driver.o
 .debug_frame   0x00000378       0x50 src/RCC_Driver.o
 .debug_frame   0x000003c8       0x34 src/SYSCONFIG_Driver.o

.debug_line_str
                0x00000000       0x27
 .debug_line_str
                0x00000000       0x27 startup.o

.debug_rnglists
                0x00000000       0x19
 .debug_rnglists
                0x00000000       0x19 startup.o
